<html>
<body>
<pre>
<h1>礦ision Build Log</h1>
<h2>Tool Versions:</h2>
IDE-Version: μVision V5.33.0.0
Copyright (C) 2020 ARM Ltd and ARM Germany GmbH. All rights reserved.
License Information: ZYB z, ZYB, LIC=RC93N-Y88Q7-IIP5V-PCHIZ-L52IQ-51T0M
 
Tool Versions:
Toolchain:       MDK-ARM Plus  Version: 5.33.0.0
Toolchain Path:  C:\Keil_v5\ARM\ARMCC\Bin
C Compiler:      Armcc.exe V5.06 update 7 (build 960)
Assembler:       Armasm.exe V5.06 update 7 (build 960)
Linker/Locator:  ArmLink.exe V5.06 update 7 (build 960)
Library Manager: ArmAr.exe V5.06 update 7 (build 960)
Hex Converter:   FromElf.exe V5.06 update 7 (build 960)
CPU DLL:         SARMCM3.DLL V5.33.0.0
Dialog DLL:      DARMSTM.DLL V1.68.0.0
Target DLL:      Segger\JL2CM3.dll V2.99.38.0
Dialog DLL:      TARMSTM.DLL V1.66.0.0
 
<h2>Project:</h2>
E:\STM32学习\正点原子学习\正点原子学习\测试工程\03-案件实验\Project\USER\Template.uvprojx
Project File Date:  01/04/2021

<h2>Output:</h2>
*** Using Compiler 'V5.06 update 7 (build 960)', folder: 'C:\Keil_v5\ARM\ARMCC\Bin'
Rebuild target 'Project'
assembling startup_stm32f103xe.s...
compiling system_stm32f1xx.c...
compiling delay.c...
compiling stm32f1xx_hal_msp.c...
compiling main.c...
compiling usart.c...
compiling sys.c...
compiling stm32f1xx_hal.c...
compiling stm32f1xx_it.c...
compiling stm32f1xx_hal_adc_ex.c...
compiling stm32f1xx_hal_can.c...
compiling stm32f1xx_hal_adc.c...
compiling stm32f1xx_hal_cortex.c...
compiling stm32f1xx_hal_cec.c...
compiling stm32f1xx_hal_dac.c...
compiling stm32f1xx_hal_crc.c...
compiling stm32f1xx_hal_eth.c...
compiling stm32f1xx_hal_dac_ex.c...
compiling stm32f1xx_hal_exti.c...
compiling stm32f1xx_hal_flash.c...
compiling stm32f1xx_hal_dma.c...
compiling stm32f1xx_hal_gpio.c...
compiling stm32f1xx_hal_flash_ex.c...
compiling stm32f1xx_hal_gpio_ex.c...
compiling stm32f1xx_hal_hcd.c...
compiling stm32f1xx_hal_iwdg.c...
compiling stm32f1xx_hal_i2s.c...
compiling stm32f1xx_hal_irda.c...
compiling stm32f1xx_hal_mmc.c...
compiling stm32f1xx_hal_nor.c...
compiling stm32f1xx_hal_nand.c...
compiling stm32f1xx_hal_pccard.c...
compiling stm32f1xx_hal_pcd.c...
compiling stm32f1xx_hal_i2c.c...
compiling stm32f1xx_hal_pcd_ex.c...
compiling stm32f1xx_hal_pwr.c...
compiling stm32f1xx_hal_rcc_ex.c...
compiling stm32f1xx_hal_rtc_ex.c...
compiling stm32f1xx_hal_rtc.c...
compiling stm32f1xx_hal_rcc.c...
compiling stm32f1xx_ll_adc.c...
compiling stm32f1xx_hal_sd.c...
compiling stm32f1xx_hal_sram.c...
compiling stm32f1xx_ll_crc.c...
compiling stm32f1xx_hal_smartcard.c...
compiling stm32f1xx_hal_spi.c...
compiling stm32f1xx_ll_dac.c...
compiling stm32f1xx_ll_dma.c...
compiling stm32f1xx_ll_exti.c...
compiling stm32f1xx_ll_gpio.c...
compiling stm32f1xx_ll_i2c.c...
compiling stm32f1xx_ll_rcc.c...
compiling stm32f1xx_ll_pwr.c...
compiling stm32f1xx_ll_rtc.c...
compiling stm32f1xx_hal_tim.c...
compiling stm32f1xx_ll_spi.c...
compiling stm32f1xx_hal_uart.c...
compiling stm32f1xx_hal_wwdg.c...
compiling stm32f1xx_ll_tim.c...
compiling stm32f1xx_ll_usart.c...
compiling stm32f1xx_hal_tim_ex.c...
compiling stm32f1xx_hal_usart.c...
compiling stm32f1xx_ll_fsmc.c...
compiling stm32f1xx_ll_sdmmc.c...
compiling KEY.c...
compiling stm32f1xx_ll_utils.c...
compiling LED.c...
compiling stm32f1xx_ll_usb.c...
linking...
Program Size: Code=5688 RO-data=360 RW-data=28 ZI-data=1900  
FromELF: creating hex file...
"..\OBJ\Template.axf" - 0 Error(s), 0 Warning(s).

<h2>Software Packages used:</h2>

Package Vendor: Keil
                http://www.keil.com/pack/Keil.STM32F1xx_DFP.2.3.0.pack
                Keil.STM32F1xx_DFP.2.3.0
                STMicroelectronics STM32F1 Series Device Support, Drivers and Examples

<h2>Collection of Component include folders:</h2>
  C:\Users\ZYB\AppData\Local\Arm\Packs\Keil\STM32F1xx_DFP\2.3.0\Device\Include

<h2>Collection of Component Files used:</h2>
Build Time Elapsed:  00:00:21
</pre>
</body>
</html>
